
digraph parse {
    stmt_list0 [label = "stmt_list" shape=plaintext]
    stmt_list0 -> select_stmt1;
    select_stmt1 [label = "select_stmt" shape=plaintext]
    select_stmt1 -> select_core_list2;
    select_core_list2 [label = "select_core_list" shape=plaintext]
    select_core_list2 -> select_core3;
    select_core3 [label = "select_core" shape=plaintext]
    _3 [label = "⏚" shape=plaintext]
    select_core3 -> _3;
 select_core3 -> select_expr_list_con4;
    select_expr_list_con4 [label = "select_expr_list_con" shape=plaintext]
    select_expr_list_con4 -> select_expr_list5;
    select_expr_list5 [label = "select_expr_list" shape=plaintext]
    select_expr_list5 -> select_expr6;
    select_expr6 [label = "select_expr" shape=plaintext]
    select_expr6 -> str7;
    str7 [label = "x" shape=plaintext]
    _6 [label = "⏚" shape=plaintext]
    select_expr6 -> _6;
 select_expr_list5 -> select_expr_list8;
    select_expr_list8 [label = "select_expr_list" shape=plaintext]
    select_expr_list8 -> select_expr9;
    select_expr9 [label = "select_expr" shape=plaintext]
    select_expr9 -> stra;
    stra [label = "y" shape=plaintext]
    _9 [label = "⏚" shape=plaintext]
    select_expr9 -> _9;
 select_expr_list8 -> select_expr_listb;
    select_expr_listb [label = "select_expr_list" shape=plaintext]
    select_expr_listb -> select_exprc;
    select_exprc [label = "select_expr" shape=plaintext]
    select_exprc -> dbld;
    dbld [label = "5.200000" shape=plaintext]
    _c [label = "⏚" shape=plaintext]
    select_exprc -> _c;
    _b [label = "⏚" shape=plaintext]
    select_expr_listb -> _b;
 select_expr_list_con4 -> select_from_etce;
    select_from_etce [label = "select_from_etc" shape=plaintext]
    select_from_etce -> table_or_subquery_listf;
    table_or_subquery_listf [label = "table_or_subquery_list" shape=plaintext]
    table_or_subquery_listf -> table_or_subquery10;
    table_or_subquery10 [label = "table_or_subquery" shape=plaintext]
    table_or_subquery10 -> str11;
    str11 [label = "A" shape=plaintext]
    _10 [label = "⏚" shape=plaintext]
    table_or_subquery10 -> _10;
    _f [label = "⏚" shape=plaintext]
    table_or_subquery_listf -> _f;
 select_from_etce -> select_where12;
    select_where12 [label = "select_where" shape=plaintext]
    _12 [label = "⏚" shape=plaintext]
    select_where12 -> _12;
 select_where12 -> select_groupby13;
    select_groupby13 [label = "select_groupby" shape=plaintext]
    _13 [label = "⏚" shape=plaintext]
    select_groupby13 -> _13;
 select_groupby13 -> select_having14;
    select_having14 [label = "select_having" shape=plaintext]
    _2 [label = "⏚" shape=plaintext]
    select_core_list2 -> _2;
 select_stmt1 -> select_orderby15;
    select_orderby15 [label = "select_orderby" shape=plaintext]
    select_orderby15 -> opt_orderby16;
    opt_orderby16 [label = "opt_orderby" shape=plaintext]
    opt_orderby16 -> groupby_list17;
    groupby_list17 [label = "groupby_list" shape=plaintext]
    groupby_list17 -> groupby_item18;
    groupby_item18 [label = "groupby_item" shape=plaintext]
    groupby_item18 -> str19;
    str19 [label = "a" shape=plaintext]
    _18 [label = "⏚" shape=plaintext]
    groupby_item18 -> _18;
 groupby_list17 -> groupby_list1a;
    groupby_list1a [label = "groupby_list" shape=plaintext]
    groupby_list1a -> groupby_item1b;
    groupby_item1b [label = "groupby_item" shape=plaintext]
    groupby_item1b -> str1c;
    str1c [label = "b" shape=plaintext]
    _1b [label = "⏚" shape=plaintext]
    groupby_item1b -> _1b;
 groupby_list1a -> groupby_list1d;
    groupby_list1d [label = "groupby_list" shape=plaintext]
    groupby_list1d -> groupby_item1e;
    groupby_item1e [label = "groupby_item" shape=plaintext]
    groupby_item1e -> str1f;
    str1f [label = "c" shape=plaintext]
    _1e [label = "⏚" shape=plaintext]
    groupby_item1e -> _1e;
 groupby_list1d -> groupby_list20;
    groupby_list20 [label = "groupby_list" shape=plaintext]
    groupby_list20 -> groupby_item21;
    groupby_item21 [label = "groupby_item" shape=plaintext]
    groupby_item21 -> str22;
    str22 [label = "d" shape=plaintext]
 groupby_item21 -> asc23;
    asc23 [label = "asc" shape=plaintext]
    _20 [label = "⏚" shape=plaintext]
    groupby_list20 -> _20;
    _16 [label = "⏚" shape=plaintext]
    opt_orderby16 -> _16;
 select_orderby15 -> select_limit24;
    select_limit24 [label = "select_limit" shape=plaintext]
    select_limit24 -> opt_limit25;
    opt_limit25 [label = "opt_limit" shape=plaintext]
    opt_limit25 -> int26;
    int26 [label = "5" shape=plaintext]
    _25 [label = "⏚" shape=plaintext]
    opt_limit25 -> _25;
 select_limit24 -> select_offset27;
    select_offset27 [label = "select_offset" shape=plaintext]
 stmt_list0 -> stmt_list28;
    stmt_list28 [label = "stmt_list" shape=plaintext]
    stmt_list28 -> select_stmt29;
    select_stmt29 [label = "select_stmt" shape=plaintext]
    select_stmt29 -> select_core_list2a;
    select_core_list2a [label = "select_core_list" shape=plaintext]
    select_core_list2a -> select_core2b;
    select_core2b [label = "select_core" shape=plaintext]
    _2b [label = "⏚" shape=plaintext]
    select_core2b -> _2b;
 select_core2b -> select_expr_list_con2c;
    select_expr_list_con2c [label = "select_expr_list_con" shape=plaintext]
    select_expr_list_con2c -> select_expr_list2d;
    select_expr_list2d [label = "select_expr_list" shape=plaintext]
    select_expr_list2d -> select_expr2e;
    select_expr2e [label = "select_expr" shape=plaintext]
    select_expr2e -> add2f;
    add2f [label = "add" shape=plaintext]
    add2f -> dbl30;
    dbl30 [label = "1.200000" shape=plaintext]
 add2f -> mul31;
    mul31 [label = "mul" shape=plaintext]
    mul31 -> lng32;
    lng32 [label = "2147483648" shape=plaintext]
 mul31 -> int33;
    int33 [label = "3" shape=plaintext]
    _2e [label = "⏚" shape=plaintext]
    select_expr2e -> _2e;
    _2d [label = "⏚" shape=plaintext]
    select_expr_list2d -> _2d;
 select_expr_list_con2c -> select_from_etc34;
    select_from_etc34 [label = "select_from_etc" shape=plaintext]
    _34 [label = "⏚" shape=plaintext]
    select_from_etc34 -> _34;
 select_from_etc34 -> select_where35;
    select_where35 [label = "select_where" shape=plaintext]
    _35 [label = "⏚" shape=plaintext]
    select_where35 -> _35;
 select_where35 -> select_groupby36;
    select_groupby36 [label = "select_groupby" shape=plaintext]
    _36 [label = "⏚" shape=plaintext]
    select_groupby36 -> _36;
 select_groupby36 -> select_having37;
    select_having37 [label = "select_having" shape=plaintext]
    _2a [label = "⏚" shape=plaintext]
    select_core_list2a -> _2a;
 select_stmt29 -> select_orderby38;
    select_orderby38 [label = "select_orderby" shape=plaintext]
    _38 [label = "⏚" shape=plaintext]
    select_orderby38 -> _38;
 select_orderby38 -> select_limit39;
    select_limit39 [label = "select_limit" shape=plaintext]
    _39 [label = "⏚" shape=plaintext]
    select_limit39 -> _39;
 select_limit39 -> select_offset3a;
    select_offset3a [label = "select_offset" shape=plaintext]
 stmt_list28 -> stmt_list3b;
    stmt_list3b [label = "stmt_list" shape=plaintext]
    stmt_list3b -> select_stmt3c;
    select_stmt3c [label = "select_stmt" shape=plaintext]
    select_stmt3c -> select_core_list3d;
    select_core_list3d [label = "select_core_list" shape=plaintext]
    select_core_list3d -> select_core3e;
    select_core3e [label = "select_core" shape=plaintext]
    _3e [label = "⏚" shape=plaintext]
    select_core3e -> _3e;
 select_core3e -> select_expr_list_con3f;
    select_expr_list_con3f [label = "select_expr_list_con" shape=plaintext]
    select_expr_list_con3f -> select_expr_list40;
    select_expr_list40 [label = "select_expr_list" shape=plaintext]
    select_expr_list40 -> select_expr41;
    select_expr41 [label = "select_expr" shape=plaintext]
    select_expr41 -> concat42;
    concat42 [label = "concat" shape=plaintext]
    concat42 -> str43;
    str43 [label = "'a'" shape=plaintext]
 concat42 -> str44;
    str44 [label = "'b'" shape=plaintext]
    _41 [label = "⏚" shape=plaintext]
    select_expr41 -> _41;
    _40 [label = "⏚" shape=plaintext]
    select_expr_list40 -> _40;
 select_expr_list_con3f -> select_from_etc45;
    select_from_etc45 [label = "select_from_etc" shape=plaintext]
    _45 [label = "⏚" shape=plaintext]
    select_from_etc45 -> _45;
 select_from_etc45 -> select_where46;
    select_where46 [label = "select_where" shape=plaintext]
    _46 [label = "⏚" shape=plaintext]
    select_where46 -> _46;
 select_where46 -> select_groupby47;
    select_groupby47 [label = "select_groupby" shape=plaintext]
    _47 [label = "⏚" shape=plaintext]
    select_groupby47 -> _47;
 select_groupby47 -> select_having48;
    select_having48 [label = "select_having" shape=plaintext]
    _3d [label = "⏚" shape=plaintext]
    select_core_list3d -> _3d;
 select_stmt3c -> select_orderby49;
    select_orderby49 [label = "select_orderby" shape=plaintext]
    _49 [label = "⏚" shape=plaintext]
    select_orderby49 -> _49;
 select_orderby49 -> select_limit4a;
    select_limit4a [label = "select_limit" shape=plaintext]
    _4a [label = "⏚" shape=plaintext]
    select_limit4a -> _4a;
 select_limit4a -> select_offset4b;
    select_offset4b [label = "select_offset" shape=plaintext]
    _3b [label = "⏚" shape=plaintext]
    stmt_list3b -> _3b;
}
