#pragma once

#import <Foundation/Foundation.h>

#import <MessengerBridgeQueries/CGBAssemblyCore.h>

#import <MessengerBridgeQueries/CGBAssemblyNonCore.h>

NS_ASSUME_NONNULL_BEGIN

static inline int32_t CGBExtensionFragmentOneGetX(CGBAssemblyCore *resultSet, int32_t row)
{
  return CGBAssemblyCoreGetX(resultSet, row);
}

static inline NSString *_Nullable CGBExtensionFragmentOneGetY(CGBAssemblyCore *resultSet, int32_t row)
{
  return CGBAssemblyCoreGetY(resultSet, row);
}

static inline NSNumber *_Nullable CGBExtensionFragmentOneGetZ(CGBAssemblyCore *resultSet, int32_t row)
{
  return CGBAssemblyCoreGetZ(resultSet, row);
}

static inline int32_t CGBExtensionFragmentOneResultCount(CGBAssemblyCore *resultSet)
{
  return CGBAssemblyCoreResultCount(resultSet);
}

static inline CGBAssemblyCore *CGBExtensionFragmentOneCopy(CGBAssemblyCore *resultSet, int32_t from, int32_t count)
{
  return CGBAssemblyCoreCopy(resultSet, from, count);
}

static inline int32_t CGBExtensionFragmentTwoGetX(CGBAssemblyCore *resultSet, int32_t row)
{
  return CGBAssemblyCoreGetX(resultSet, row);
}

static inline NSString *_Nullable CGBExtensionFragmentTwoGetY(CGBAssemblyCore *resultSet, int32_t row)
{
  return CGBAssemblyCoreGetY(resultSet, row);
}

static inline NSNumber *_Nullable CGBExtensionFragmentTwoGetZ(CGBAssemblyCore *resultSet, int32_t row)
{
  return CGBAssemblyCoreGetZ(resultSet, row);
}

static inline NSNumber *_Nullable CGBExtensionFragmentTwoGetFlag(CGBAssemblyCore *resultSet, int32_t row)
{
  return __PRIVATE__CGBAssemblyCoreGetFlag(resultSet, row);
}

static inline int32_t CGBExtensionFragmentTwoResultCount(CGBAssemblyCore *resultSet)
{
  return CGBAssemblyCoreResultCount(resultSet);
}

static inline CGBAssemblyCore *CGBExtensionFragmentTwoCopy(CGBAssemblyCore *resultSet, int32_t from, int32_t count)
{
  return CGBAssemblyCoreCopy(resultSet, from, count);
}

static inline NSString *CGBExtensionFragmentThreeGetA(CGBAssemblyNonCore *resultSet, int32_t row)
{
  return CGBAssemblyNonCoreGetA(resultSet, row);
}

static inline NSString *_Nullable CGBExtensionFragmentThreeGetB(CGBAssemblyNonCore *resultSet, int32_t row)
{
  return CGBAssemblyNonCoreGetB(resultSet, row);
}

static inline NSNumber *_Nullable CGBExtensionFragmentThreeGetC(CGBAssemblyNonCore *resultSet, int32_t row)
{
  return CGBAssemblyNonCoreGetC(resultSet, row);
}

static inline NSNumber *_Nullable CGBExtensionFragmentThreeGetD(CGBAssemblyNonCore *resultSet, int32_t row)
{
  return __PRIVATE__CGBAssemblyNonCoreGetD(resultSet, row);
}

static inline int32_t CGBExtensionFragmentThreeResultCount(CGBAssemblyNonCore *resultSet)
{
  return CGBAssemblyNonCoreResultCount(resultSet);
}

static inline CGBAssemblyNonCore *CGBExtensionFragmentThreeCopy(CGBAssemblyNonCore *resultSet, int32_t from, int32_t count)
{
  return CGBAssemblyNonCoreCopy(resultSet, from, count);
}

NS_ASSUME_NONNULL_END
