#pragma once

#import <Foundation/Foundation.h>

#import <Test/TestFile.h>

NS_ASSUME_NONNULL_BEGIN

@class CGS_assembly_core;

static inline assembly_core_result_set_ref extension_fragment_one_from_CGS_extension_fragment_one(CGS_assembly_core *resultSet)
{
  return (__bridge assembly_core_result_set_ref)resultSet;
}

static inline int32_t CGS_extension_fragment_one_get_x(CGS_assembly_core *resultSet, int32_t row)
{
  assembly_core_result_set_ref cResultSet = extension_fragment_one_from_CGS_extension_fragment_one(resultSet);
  return extension_fragment_one_get_x(cResultSet, row);
}

static inline NSString *_Nullable CGS_extension_fragment_one_get_y(CGS_assembly_core *resultSet, int32_t row)
{
  assembly_core_result_set_ref cResultSet = extension_fragment_one_from_CGS_extension_fragment_one(resultSet);
  return (__bridge NSString *)extension_fragment_one_get_y(cResultSet, row);
}

static inline NSNumber *_Nullable CGS_extension_fragment_one_get_z(CGS_assembly_core *resultSet, int32_t row)
{
  assembly_core_result_set_ref cResultSet = extension_fragment_one_from_CGS_extension_fragment_one(resultSet);
  return extension_fragment_one_get_z_is_null(cResultSet, row) ? nil : @(extension_fragment_one_get_z_value(cResultSet, row));
}

static inline int32_t CGS_extension_fragment_one_result_count(CGS_assembly_core *resultSet)
{
  return extension_fragment_one_result_count(extension_fragment_one_from_CGS_extension_fragment_one(resultSet));
}

@class CGS_assembly_core;

static inline assembly_core_result_set_ref extension_fragment_two_from_CGS_extension_fragment_two(CGS_assembly_core *resultSet)
{
  return (__bridge assembly_core_result_set_ref)resultSet;
}

static inline int32_t CGS_extension_fragment_two_get_x(CGS_assembly_core *resultSet, int32_t row)
{
  assembly_core_result_set_ref cResultSet = extension_fragment_two_from_CGS_extension_fragment_two(resultSet);
  return extension_fragment_two_get_x(cResultSet, row);
}

static inline NSString *_Nullable CGS_extension_fragment_two_get_y(CGS_assembly_core *resultSet, int32_t row)
{
  assembly_core_result_set_ref cResultSet = extension_fragment_two_from_CGS_extension_fragment_two(resultSet);
  return (__bridge NSString *)extension_fragment_two_get_y(cResultSet, row);
}

static inline NSNumber *_Nullable CGS_extension_fragment_two_get_z(CGS_assembly_core *resultSet, int32_t row)
{
  assembly_core_result_set_ref cResultSet = extension_fragment_two_from_CGS_extension_fragment_two(resultSet);
  return extension_fragment_two_get_z_is_null(cResultSet, row) ? nil : @(extension_fragment_two_get_z_value(cResultSet, row));
}

static inline NSNumber *_Nullable CGS_extension_fragment_two_get_flag(CGS_assembly_core *resultSet, int32_t row)
{
  assembly_core_result_set_ref cResultSet = extension_fragment_two_from_CGS_extension_fragment_two(resultSet);
  return extension_fragment_two_get_flag_is_null(cResultSet, row) ? nil : @(extension_fragment_two_get_flag_value(cResultSet, row));
}

static inline int32_t CGS_extension_fragment_two_result_count(CGS_assembly_core *resultSet)
{
  return extension_fragment_two_result_count(extension_fragment_two_from_CGS_extension_fragment_two(resultSet));
}

@class CGS_assembly_non_core;

static inline assembly_non_core_result_set_ref extension_fragment_three_from_CGS_extension_fragment_three(CGS_assembly_non_core *resultSet)
{
  return (__bridge assembly_non_core_result_set_ref)resultSet;
}

static inline NSString *CGS_extension_fragment_three_get_a(CGS_assembly_non_core *resultSet, int32_t row)
{
  assembly_non_core_result_set_ref cResultSet = extension_fragment_three_from_CGS_extension_fragment_three(resultSet);
  return (__bridge NSString *)extension_fragment_three_get_a(cResultSet, row);
}

static inline NSString *_Nullable CGS_extension_fragment_three_get_b(CGS_assembly_non_core *resultSet, int32_t row)
{
  assembly_non_core_result_set_ref cResultSet = extension_fragment_three_from_CGS_extension_fragment_three(resultSet);
  return (__bridge NSString *)extension_fragment_three_get_b(cResultSet, row);
}

static inline NSNumber *_Nullable CGS_extension_fragment_three_get_c(CGS_assembly_non_core *resultSet, int32_t row)
{
  assembly_non_core_result_set_ref cResultSet = extension_fragment_three_from_CGS_extension_fragment_three(resultSet);
  return extension_fragment_three_get_c_is_null(cResultSet, row) ? nil : @(extension_fragment_three_get_c_value(cResultSet, row));
}

static inline NSNumber *_Nullable CGS_extension_fragment_three_get_d(CGS_assembly_non_core *resultSet, int32_t row)
{
  assembly_non_core_result_set_ref cResultSet = extension_fragment_three_from_CGS_extension_fragment_three(resultSet);
  return extension_fragment_three_get_d_is_null(cResultSet, row) ? nil : @(extension_fragment_three_get_d_value(cResultSet, row));
}

static inline int32_t CGS_extension_fragment_three_result_count(CGS_assembly_non_core *resultSet)
{
  return extension_fragment_three_result_count(extension_fragment_three_from_CGS_extension_fragment_three(resultSet));
}

NS_ASSUME_NONNULL_END
