
package com.facebook.cqlviewmodels;

import com.facebook.cgsql.CQLResultSet;
import com.facebook.cgsql.CQLViewModel;
import javax.annotation.Nullable;

public final class cg_test_assembly_query_java_with_interface_param extends CQLViewModel implements BaseFragment {

  public static final String STORED_PROCEDURE_NAME = "assembly_core";

  public cg_test_assembly_query_java_with_interface_param(CQLResultSet resultSet) {
    super(resultSet);
  }

  public int getX(int row) {
    return mResultSet.getInteger(row, 0);
  }

  @Nullable
  public String getY(int row) {
    return mResultSet.getString(row, 1);
  }

  @Nullable
  public Long getZ(int row) {
    return mResultSet.getNullableLong(row, 2);
  }

  @Nullable
  public Boolean getFlag(int row) {
    return mResultSet.getNullableBoolean(row, 3);
  }

  public int getCount() {
    return mResultSet.getCount();
  }

  @Override
  protected boolean hasIdentityColumns() {
    return false;
  }

}
