
#include "out/cg_test_assembly_query_c.h"

#pragma clang diagnostic push
#pragma clang diagnostic ignored "-Wunknown-warning-option"
#pragma clang diagnostic ignored "-Wbitwise-op-parentheses"
#pragma clang diagnostic ignored "-Wshift-op-parentheses"
#pragma clang diagnostic ignored "-Wlogical-not-parentheses"
#pragma clang diagnostic ignored "-Wlogical-op-parentheses"
#pragma clang diagnostic ignored "-Wliteral-conversion"
#pragma clang diagnostic ignored "-Wunused-but-set-variable"
extern CQL_WARN_UNUSED cql_code assembly_core(sqlite3 *_Nonnull _db_, sqlite3_stmt *_Nullable *_Nonnull _result_stmt, cql_int32 id_, cql_string_ref _Nonnull name_);

// The statement ending at line XXXX

/*
@ATTRIBUTE(cql:base_fragment=assembly_core)
CREATE PROC base_fragment (id_ INTEGER NOT NULL, name_ TEXT NOT NULL)
BEGIN
  WITH
  assembly_core (x, y, z) AS (SELECT id, name, rate
    FROM bar
    WHERE id = id_)
  SELECT *
    FROM assembly_core;
END;
*/

// The statement ending at line XXXX

/*
@ATTRIBUTE(cql:assembly_fragment=assembly_core)
CREATE PROC assembly_core (id_ INTEGER NOT NULL, name_ TEXT NOT NULL)
BEGIN
  WITH
  assembly_core (x, y, z) AS (SELECT id, name, rate
    FROM bar
    WHERE id = id_),
  plugin_one (x, y, z) AS (SELECT *
    FROM assembly_core
  UNION ALL
  SELECT 1 AS x, 'y' AS y, 7 AS z),
  plugin_two (x, y, z, flag) AS (SELECT plugin_one.*, plugin_table.flag
    FROM plugin_one
    LEFT OUTER JOIN plugin_table ON plugin_table.name = plugin_one.y AND plugin_table.id = id_)
  SELECT *
    FROM plugin_two;
END;
*/

#define _PROC_ "assembly_core"
static int32_t assembly_core_perf_index;

cql_string_proc_name(assembly_core_stored_procedure_name, "assembly_core");

typedef struct assembly_core_row {
  cql_int32 x;
  cql_nullable_int64 z;
  cql_nullable_bool flag;
  cql_string_ref _Nullable y;
} assembly_core_row;

extern cql_int32 assembly_core_get_x(assembly_core_result_set_ref _Nonnull result_set, cql_int32 row) {
  return cql_result_set_get_int32_col((cql_result_set_ref)result_set, row, 0);
}

extern cql_string_ref _Nullable assembly_core_get_y(assembly_core_result_set_ref _Nonnull result_set, cql_int32 row) {
  return cql_result_set_get_is_null_col((cql_result_set_ref)result_set, row, 1) ? NULL : cql_result_set_get_string_col((cql_result_set_ref)result_set, row, 1);
}

extern cql_bool assembly_core_get_z_is_null(assembly_core_result_set_ref _Nonnull result_set, cql_int32 row) {
  return cql_result_set_get_is_null_col((cql_result_set_ref)result_set, row, 2);
}

extern cql_int64 assembly_core_get_z_value(assembly_core_result_set_ref _Nonnull result_set, cql_int32 row) {
  return cql_result_set_get_int64_col((cql_result_set_ref)result_set, row, 2);
}

extern cql_bool __PRIVATE__assembly_core_get_flag_is_null(assembly_core_result_set_ref _Nonnull result_set, cql_int32 row) {
  return cql_result_set_get_is_null_col((cql_result_set_ref)result_set, row, 3);
}

extern cql_bool __PRIVATE__assembly_core_get_flag_value(assembly_core_result_set_ref _Nonnull result_set, cql_int32 row) {
  return cql_result_set_get_bool_col((cql_result_set_ref)result_set, row, 3);
}

uint8_t assembly_core_data_types[assembly_core_data_types_count] = {
  CQL_DATA_TYPE_INT32 | CQL_DATA_TYPE_NOT_NULL, // x
  CQL_DATA_TYPE_STRING, // y
  CQL_DATA_TYPE_INT64, // z
  CQL_DATA_TYPE_BOOL, // flag
};

#define assembly_core_refs_offset cql_offsetof(assembly_core_row, y) // count = 1

static cql_uint16 assembly_core_col_offsets[] = { 4,
  cql_offsetof(assembly_core_row, x),
  cql_offsetof(assembly_core_row, y),
  cql_offsetof(assembly_core_row, z),
  cql_offsetof(assembly_core_row, flag)
};

cql_int32 assembly_core_result_count(assembly_core_result_set_ref _Nonnull result_set) {
  return cql_result_set_get_count((cql_result_set_ref)result_set);
}

CQL_WARN_UNUSED cql_code assembly_core_fetch_results(sqlite3 *_Nonnull _db_, assembly_core_result_set_ref _Nullable *_Nonnull result_set, cql_int32 id_, cql_string_ref _Nonnull name_) {
  sqlite3_stmt *stmt = NULL;
  cql_profile_start(CRC_assembly_core, &assembly_core_perf_index);
  cql_code rc = assembly_core(_db_, &stmt, id_, name_);
  cql_fetch_info info = {
    .rc = rc,
    .db = _db_,
    .stmt = stmt,
    .data_types = assembly_core_data_types,
    .col_offsets = assembly_core_col_offsets,
    .refs_count = 1,
    .refs_offset = assembly_core_refs_offset,
    .encode_context_index = -1,
    .rowsize = sizeof(assembly_core_row),
    .crc = CRC_assembly_core,
    .perf_index = &assembly_core_perf_index,
  };
  return cql_fetch_all_results(&info, (cql_result_set_ref *)result_set);
}

// export: DECLARE PROC assembly_core (id_ INTEGER NOT NULL, name_ TEXT NOT NULL) (x INTEGER NOT NULL, y TEXT, z LONG_INT, flag BOOL);
CQL_WARN_UNUSED cql_code assembly_core(sqlite3 *_Nonnull _db_, sqlite3_stmt *_Nullable *_Nonnull _result_stmt, cql_int32 id_, cql_string_ref _Nonnull name_) {
  cql_contract_argument_notnull((void *)name_, 2);

  cql_code _rc_ = SQLITE_OK;
  *_result_stmt = NULL;
  _rc_ = cql_prepare(_db_, _result_stmt,
    "WITH "
    "assembly_core (x, y, z) AS (SELECT id, name, rate "
      "FROM bar "
      "WHERE id = ?), "
    "plugin_one (x, y, z) AS (SELECT x, y, z "
      "FROM assembly_core "
    "UNION ALL "
    "SELECT 1, 'y', 7), "
    "plugin_two (x, y, z, flag) AS (SELECT plugin_one.x, plugin_one.y, plugin_one.z, plugin_table.flag "
      "FROM plugin_one "
      "LEFT OUTER JOIN plugin_table ON plugin_table.name = plugin_one.y AND plugin_table.id = ?) "
    "SELECT x, y, z, flag "
      "FROM plugin_two");
  cql_multibind(&_rc_, _db_, _result_stmt, 2,
                CQL_DATA_TYPE_NOT_NULL | CQL_DATA_TYPE_INT32, id_,
                CQL_DATA_TYPE_NOT_NULL | CQL_DATA_TYPE_INT32, id_);
  if (_rc_ != SQLITE_OK) { cql_error_trace(); goto cql_cleanup; }
  _rc_ = SQLITE_OK;

cql_cleanup:
  if (_rc_ == SQLITE_OK && !*_result_stmt) _rc_ = cql_no_rows_stmt(_db_, _result_stmt);
  return _rc_;
}
#undef _PROC_
#pragma clang diagnostic pop
