
package com.facebook.cqlviewmodels;

import com.facebook.cgsql.CQLResultSet;
import com.facebook.cgsql.CQLViewModel;
import javax.annotation.Nullable;

import com.facebook.cqlviewmodels.cg_test_base_fragment_java_interface;

public interface cg_test_extension_fragment_java_with_interface_param extends com.facebook.cqlviewmodels.cg_test_base_fragment_java_interface {

  public int getX(int row);

  @Nullable
  public String getY(int row);

  @Nullable
  public Long getZ(int row);

  public int getCount();

}
