#pragma once

#include "cqlrt.h"


// The statement ending at line XXXX
#define CRC_selector -2086804524444672762L

extern cql_string_ref _Nonnull selector_stored_procedure_name;

#define selector_data_types_count 12

extern uint8_t selector_data_types[selector_data_types_count];

#ifndef result_set_type_decl_selector_result_set
#define result_set_type_decl_selector_result_set 1
cql_result_set_type_decl(selector_result_set, selector_result_set_ref);
#endif

static inline cql_int32 selector_get_f1(selector_result_set_ref _Nonnull result_set, cql_int32 row) {
  return cql_result_set_get_int32_col((cql_result_set_ref)result_set, row, 0);
}

static inline cql_string_ref _Nonnull selector_get_f2(selector_result_set_ref _Nonnull result_set, cql_int32 row) {
  return cql_result_set_get_string_col((cql_result_set_ref)result_set, row, 1);
}

static inline cql_double selector_get_f3(selector_result_set_ref _Nonnull result_set, cql_int32 row) {
  return cql_result_set_get_double_col((cql_result_set_ref)result_set, row, 2);
}

static inline cql_bool selector_get_f4(selector_result_set_ref _Nonnull result_set, cql_int32 row) {
  return cql_result_set_get_bool_col((cql_result_set_ref)result_set, row, 3);
}

static inline cql_int64 selector_get_f5(selector_result_set_ref _Nonnull result_set, cql_int32 row) {
  return cql_result_set_get_int64_col((cql_result_set_ref)result_set, row, 4);
}

static inline cql_blob_ref _Nonnull selector_get_f6(selector_result_set_ref _Nonnull result_set, cql_int32 row) {
  return cql_result_set_get_blob_col((cql_result_set_ref)result_set, row, 5);
}

static inline cql_bool selector_get_g1_is_null(selector_result_set_ref _Nonnull result_set, cql_int32 row) {
  return cql_result_set_get_is_null_col((cql_result_set_ref)result_set, row, 6);
}

static inline cql_int32 selector_get_g1_value(selector_result_set_ref _Nonnull result_set, cql_int32 row) {
  return cql_result_set_get_int32_col((cql_result_set_ref)result_set, row, 6);
}

static inline cql_string_ref _Nullable selector_get_g2(selector_result_set_ref _Nonnull result_set, cql_int32 row) {
  return cql_result_set_get_is_null_col((cql_result_set_ref)result_set, row, 7) ? NULL : cql_result_set_get_string_col((cql_result_set_ref)result_set, row, 7);
}

static inline cql_bool selector_get_g3_is_null(selector_result_set_ref _Nonnull result_set, cql_int32 row) {
  return cql_result_set_get_is_null_col((cql_result_set_ref)result_set, row, 8);
}

static inline cql_double selector_get_g3_value(selector_result_set_ref _Nonnull result_set, cql_int32 row) {
  return cql_result_set_get_double_col((cql_result_set_ref)result_set, row, 8);
}

static inline cql_bool selector_get_g4_is_null(selector_result_set_ref _Nonnull result_set, cql_int32 row) {
  return cql_result_set_get_is_null_col((cql_result_set_ref)result_set, row, 9);
}

static inline cql_bool selector_get_g4_value(selector_result_set_ref _Nonnull result_set, cql_int32 row) {
  return cql_result_set_get_bool_col((cql_result_set_ref)result_set, row, 9);
}

static inline cql_bool selector_get_g5_is_null(selector_result_set_ref _Nonnull result_set, cql_int32 row) {
  return cql_result_set_get_is_null_col((cql_result_set_ref)result_set, row, 10);
}

static inline cql_int64 selector_get_g5_value(selector_result_set_ref _Nonnull result_set, cql_int32 row) {
  return cql_result_set_get_int64_col((cql_result_set_ref)result_set, row, 10);
}

static inline cql_blob_ref _Nullable selector_get_g6(selector_result_set_ref _Nonnull result_set, cql_int32 row) {
  return cql_result_set_get_is_null_col((cql_result_set_ref)result_set, row, 11) ? NULL : cql_result_set_get_blob_col((cql_result_set_ref)result_set, row, 11);
}

extern cql_int32 selector_result_count(selector_result_set_ref _Nonnull result_set);
extern CQL_WARN_UNUSED cql_code selector_fetch_results(sqlite3 *_Nonnull _db_, selector_result_set_ref _Nullable *_Nonnull result_set);
#define selector_row_hash(result_set, row) cql_result_set_get_meta((cql_result_set_ref)(result_set))->rowHash((cql_result_set_ref)(result_set), row)
#define selector_row_equal(rs1, row1, rs2, row2) \
cql_result_set_get_meta((cql_result_set_ref)(rs1))->rowsEqual( \
  (cql_result_set_ref)(rs1), \
  row1, \
  (cql_result_set_ref)(rs2), \
  row2)

// The statement ending at line XXXX

#ifndef result_set_type_decl_frag_test_result_set
#define result_set_type_decl_frag_test_result_set 1
cql_result_set_type_decl(frag_test_result_set, frag_test_result_set_ref);
#endif

extern cql_int32 frag_test_get_id(frag_test_result_set_ref _Nonnull result_set, cql_int32 row);
extern cql_int32 frag_test_result_count(frag_test_result_set_ref _Nonnull result_set);
#define frag_test_row_hash(result_set, row) cql_result_set_get_meta((cql_result_set_ref)(result_set))->rowHash((cql_result_set_ref)(result_set), row)
#define frag_test_row_equal(rs1, row1, rs2, row2) \
cql_result_set_get_meta((cql_result_set_ref)(rs1))->rowsEqual( \
  (cql_result_set_ref)(rs1), \
  row1, \
  (cql_result_set_ref)(rs2), \
  row2)
extern CQL_WARN_UNUSED cql_code frag_test_fetch_results(sqlite3 *_Nonnull _db_, frag_test_result_set_ref _Nullable *_Nonnull result_set);

// The statement ending at line XXXX


static inline cql_int32 ext_get_id(frag_test_result_set_ref _Nonnull result_set, cql_int32 row) {
  extern cql_int32 frag_test_get_id(frag_test_result_set_ref _Nonnull result_set, int32_t row);
  return frag_test_get_id(result_set, row);
}

static inline cql_string_ref _Nullable ext_get_f2(frag_test_result_set_ref _Nonnull result_set, cql_int32 row) {
  extern cql_string_ref _Nullable __PRIVATE__frag_test_get_f2(frag_test_result_set_ref _Nonnull result_set, int32_t row);
  return __PRIVATE__frag_test_get_f2(result_set, row);
}

static inline cql_int32 ext_result_count(frag_test_result_set_ref _Nonnull result_set) {
   return cql_result_set_get_count((cql_result_set_ref)result_set);
}


// The statement ending at line XXXX


static inline cql_int32 ext2_get_id(frag_test_result_set_ref _Nonnull result_set, cql_int32 row) {
  extern cql_int32 frag_test_get_id(frag_test_result_set_ref _Nonnull result_set, int32_t row);
  return frag_test_get_id(result_set, row);
}

static inline cql_bool ext2_get_f3_is_null(frag_test_result_set_ref _Nonnull result_set, cql_int32 row) {
  extern cql_bool __PRIVATE__frag_test_get_f3_is_null(frag_test_result_set_ref _Nonnull result_set, int32_t row);
  return __PRIVATE__frag_test_get_f3_is_null(result_set, row);
}

static inline cql_double ext2_get_f3_value(frag_test_result_set_ref _Nonnull result_set, cql_int32 row) {
  extern cql_double __PRIVATE__frag_test_get_f3_value(frag_test_result_set_ref _Nonnull result_set, int32_t row);
  return __PRIVATE__frag_test_get_f3_value(result_set, row);
}

static inline cql_int32 ext2_result_count(frag_test_result_set_ref _Nonnull result_set) {
   return cql_result_set_get_count((cql_result_set_ref)result_set);
}


// The statement ending at line XXXX
#define CRC_emit_object_result_set -8134731798097882462L

extern cql_string_ref _Nonnull emit_object_result_set_stored_procedure_name;

#define emit_object_result_set_data_types_count 1

extern uint8_t emit_object_result_set_data_types[emit_object_result_set_data_types_count];

#ifndef result_set_type_decl_emit_object_result_set_result_set
#define result_set_type_decl_emit_object_result_set_result_set 1
cql_result_set_type_decl(emit_object_result_set_result_set, emit_object_result_set_result_set_ref);
#endif

static inline cql_object_ref _Nonnull emit_object_result_set_get_o(emit_object_result_set_result_set_ref _Nonnull result_set, cql_int32 row) {
  return cql_result_set_get_object_col((cql_result_set_ref)result_set, row, 0);
}

extern cql_int32 emit_object_result_set_result_count(emit_object_result_set_result_set_ref _Nonnull result_set);
#define emit_object_result_set_row_hash(result_set, row) cql_result_set_get_meta((cql_result_set_ref)(result_set))->rowHash((cql_result_set_ref)(result_set), row)
#define emit_object_result_set_row_equal(rs1, row1, rs2, row2) \
cql_result_set_get_meta((cql_result_set_ref)(rs1))->rowsEqual( \
  (cql_result_set_ref)(rs1), \
  row1, \
  (cql_result_set_ref)(rs2), \
  row2)
extern void emit_object_result_set_fetch_results(emit_object_result_set_result_set_ref _Nullable *_Nonnull _result_set_, cql_object_ref _Nonnull o);

// The statement ending at line XXXX
#define CRC_sproc_copy_func 861265627824666461L

extern cql_string_ref _Nonnull sproc_copy_func_stored_procedure_name;

#define sproc_copy_func_data_types_count 12

extern uint8_t sproc_copy_func_data_types[sproc_copy_func_data_types_count];

#ifndef result_set_type_decl_sproc_copy_func_result_set
#define result_set_type_decl_sproc_copy_func_result_set 1
cql_result_set_type_decl(sproc_copy_func_result_set, sproc_copy_func_result_set_ref);
#endif

static inline cql_int32 sproc_copy_func_get_f1(sproc_copy_func_result_set_ref _Nonnull result_set, cql_int32 row) {
  return cql_result_set_get_int32_col((cql_result_set_ref)result_set, row, 0);
}

static inline cql_string_ref _Nonnull sproc_copy_func_get_f2(sproc_copy_func_result_set_ref _Nonnull result_set, cql_int32 row) {
  return cql_result_set_get_string_col((cql_result_set_ref)result_set, row, 1);
}

static inline cql_double sproc_copy_func_get_f3(sproc_copy_func_result_set_ref _Nonnull result_set, cql_int32 row) {
  return cql_result_set_get_double_col((cql_result_set_ref)result_set, row, 2);
}

static inline cql_bool sproc_copy_func_get_f4(sproc_copy_func_result_set_ref _Nonnull result_set, cql_int32 row) {
  return cql_result_set_get_bool_col((cql_result_set_ref)result_set, row, 3);
}

static inline cql_int64 sproc_copy_func_get_f5(sproc_copy_func_result_set_ref _Nonnull result_set, cql_int32 row) {
  return cql_result_set_get_int64_col((cql_result_set_ref)result_set, row, 4);
}

static inline cql_blob_ref _Nonnull sproc_copy_func_get_f6(sproc_copy_func_result_set_ref _Nonnull result_set, cql_int32 row) {
  return cql_result_set_get_blob_col((cql_result_set_ref)result_set, row, 5);
}

static inline cql_bool sproc_copy_func_get_g1_is_null(sproc_copy_func_result_set_ref _Nonnull result_set, cql_int32 row) {
  return cql_result_set_get_is_null_col((cql_result_set_ref)result_set, row, 6);
}

static inline cql_int32 sproc_copy_func_get_g1_value(sproc_copy_func_result_set_ref _Nonnull result_set, cql_int32 row) {
  return cql_result_set_get_int32_col((cql_result_set_ref)result_set, row, 6);
}

static inline cql_string_ref _Nullable sproc_copy_func_get_g2(sproc_copy_func_result_set_ref _Nonnull result_set, cql_int32 row) {
  return cql_result_set_get_is_null_col((cql_result_set_ref)result_set, row, 7) ? NULL : cql_result_set_get_string_col((cql_result_set_ref)result_set, row, 7);
}

static inline cql_bool sproc_copy_func_get_g3_is_null(sproc_copy_func_result_set_ref _Nonnull result_set, cql_int32 row) {
  return cql_result_set_get_is_null_col((cql_result_set_ref)result_set, row, 8);
}

static inline cql_double sproc_copy_func_get_g3_value(sproc_copy_func_result_set_ref _Nonnull result_set, cql_int32 row) {
  return cql_result_set_get_double_col((cql_result_set_ref)result_set, row, 8);
}

static inline cql_bool sproc_copy_func_get_g4_is_null(sproc_copy_func_result_set_ref _Nonnull result_set, cql_int32 row) {
  return cql_result_set_get_is_null_col((cql_result_set_ref)result_set, row, 9);
}

static inline cql_bool sproc_copy_func_get_g4_value(sproc_copy_func_result_set_ref _Nonnull result_set, cql_int32 row) {
  return cql_result_set_get_bool_col((cql_result_set_ref)result_set, row, 9);
}

static inline cql_bool sproc_copy_func_get_g5_is_null(sproc_copy_func_result_set_ref _Nonnull result_set, cql_int32 row) {
  return cql_result_set_get_is_null_col((cql_result_set_ref)result_set, row, 10);
}

static inline cql_int64 sproc_copy_func_get_g5_value(sproc_copy_func_result_set_ref _Nonnull result_set, cql_int32 row) {
  return cql_result_set_get_int64_col((cql_result_set_ref)result_set, row, 10);
}

static inline cql_blob_ref _Nullable sproc_copy_func_get_g6(sproc_copy_func_result_set_ref _Nonnull result_set, cql_int32 row) {
  return cql_result_set_get_is_null_col((cql_result_set_ref)result_set, row, 11) ? NULL : cql_result_set_get_blob_col((cql_result_set_ref)result_set, row, 11);
}

extern cql_int32 sproc_copy_func_result_count(sproc_copy_func_result_set_ref _Nonnull result_set);
extern CQL_WARN_UNUSED cql_code sproc_copy_func_fetch_results(sqlite3 *_Nonnull _db_, sproc_copy_func_result_set_ref _Nullable *_Nonnull result_set);
#define sproc_copy_func_copy(result_set, result_set_to, from, count) \
cql_result_set_get_meta((cql_result_set_ref)(result_set))->copy( \
  (cql_result_set_ref)(result_set), \
  (cql_result_set_ref *)(result_set_to), \
  from, \
  count)
#define sproc_copy_func_row_hash(result_set, row) cql_result_set_get_meta((cql_result_set_ref)(result_set))->rowHash((cql_result_set_ref)(result_set), row)
#define sproc_copy_func_row_equal(rs1, row1, rs2, row2) \
cql_result_set_get_meta((cql_result_set_ref)(rs1))->rowsEqual( \
  (cql_result_set_ref)(rs1), \
  row1, \
  (cql_result_set_ref)(rs2), \
  row2)

// The statement ending at line XXXX
#define CRC_emit_object_with_setters -4441973732237463644L

extern cql_string_ref _Nonnull emit_object_with_setters_stored_procedure_name;

#define emit_object_with_setters_data_types_count 1

extern uint8_t emit_object_with_setters_data_types[emit_object_with_setters_data_types_count];

#ifndef result_set_type_decl_emit_object_with_setters_result_set
#define result_set_type_decl_emit_object_with_setters_result_set 1
cql_result_set_type_decl(emit_object_with_setters_result_set, emit_object_with_setters_result_set_ref);
#endif

static inline cql_object_ref _Nonnull emit_object_with_setters_get_o(emit_object_with_setters_result_set_ref _Nonnull result_set) {
  return cql_result_set_get_object_col((cql_result_set_ref)result_set, 0, 0);
}

static inline void emit_object_with_setters_set_o(emit_object_with_setters_result_set_ref _Nonnull result_set, cql_object_ref _Nonnull new_value) {
  cql_contract_argument_notnull((void *)new_value, 2);
  cql_result_set_set_object_col((cql_result_set_ref)result_set, 0, 0, new_value);
}

extern cql_int32 emit_object_with_setters_result_count(emit_object_with_setters_result_set_ref _Nonnull result_set);
extern void emit_object_with_setters_fetch_results( emit_object_with_setters_result_set_ref _Nullable *_Nonnull result_set, cql_object_ref _Nonnull o);
#define emit_object_with_setters_hash(result_set) cql_result_set_get_meta((cql_result_set_ref)(result_set))->rowHash((cql_result_set_ref)(result_set), 0)
#define emit_object_with_setters_equal(rs1, rs2) \
cql_result_set_get_meta((cql_result_set_ref)(rs1))->rowsEqual( \
  (cql_result_set_ref)(rs1), \
  0, \
  (cql_result_set_ref)(rs2), \
  0)
