test/sem_test_dev.sql:XXXX:1: error: in explain_stmt : CQL0292: Explain statement is only available in dev mode because its result set may vary between sqlite versions
test/sem_test_dev.sql:XXXX:1: error: in explain_stmt : CQL0292: Explain statement is only available in dev mode because its result set may vary between sqlite versions
semantic errors present; no code gen.
