1c1
< reference results for version 1
---
> reference results for version 2
7c7
< rootpage: 10
---
> rootpage: 9
30,41d29
< ----- test_create_table_A -----
< 
< type: table
< tbl_name: test_create_table_A
< rootpage: 4
< 
< CREATE TABLE test_create_table_A(
<   colA INTEGER,
<   colB LONG_INT,
<   colC TEXT ,
<   colD TEXT)
< 
46c34
< rootpage: 5
---
> rootpage: 6
53c41
< ----- test_recreate_table_A -----
---
> ----- test_create_table_C -----
56c44
< tbl_name: test_recreate_table_A
---
> tbl_name: test_create_table_C
59,62c47,50
< CREATE TABLE test_recreate_table_A(
<   colA INTEGER,
<   colC TEXT,
<   colD TEXT )
---
> CREATE TABLE test_create_table_C(
>   colA TEXT,
>   colB LONG_INT,
>   colC LONG_INT )
68c56
< rootpage: 7
---
> rootpage: 5
79c67
< rootpage: 6
---
> rootpage: 7
88c76
< rootpage: 9
---
> rootpage: 4
